// Jest Snapshot v1, https://goo.gl/fbAQLP

exports[`Deve renderizar umas lista de links com a class link 1`] = `
Array [
  <a
    class="links"
    href="/"
  >
    Inicial
  </a>,
  <a
    class="links"
    href="/"
  >
    Transferências
  </a>,
  <a
    class="links"
    href="/"
  >
    Investimentos
  </a>,
  <a
    class="links"
    href="/"
  >
    Outros serviços
  </a>,
]
`;
